{
    "sarscov2 - single_end - stub": {
        "content": [
            {
                "0": [
                    [
                        {
                            "id": "dummy_file"
                        },
                        "dummy_file.prepared_preped.fasta:md5,d41d8cd98f00b204e9800998ecf8427e"
                    ]
                ],
                "1": [
                    [
                        {
                            "id": "dummy_file"
                        },
                        "dummy_file.prepared_preped.fasta.fai:md5,d41d8cd98f00b204e9800998ecf8427e"
                    ]
                ],
                "2": [
                    [
                        {
                            "id": "dummy_file"
                        },
                        [
                            "dummy_file.prepared_preped.amb:md5,d41d8cd98f00b204e9800998ecf8427e",
                            "dummy_file.prepared_preped.ann:md5,d41d8cd98f00b204e9800998ecf8427e",
                            "dummy_file.prepared_preped.bwt:md5,d41d8cd98f00b204e9800998ecf8427e",
                            "dummy_file.prepared_preped.pac:md5,d41d8cd98f00b204e9800998ecf8427e",
                            "dummy_file.prepared_preped.sa:md5,d41d8cd98f00b204e9800998ecf8427e"
                        ]
                    ]
                ],
                "3": [
                    "versions.yml:md5,71a08e942ca2135c3774ed51f3a016f5",
                    "versions.yml:md5,adbc88ab264ac89cad5ade17f4c494de",
                    "versions.yml:md5,e1b0b033bf8c2bf4b5e6bbb5d626091d"
                ],
                "bwa_index": [
                    [
                        {
                            "id": "dummy_file"
                        },
                        [
                            "dummy_file.prepared_preped.amb:md5,d41d8cd98f00b204e9800998ecf8427e",
                            "dummy_file.prepared_preped.ann:md5,d41d8cd98f00b204e9800998ecf8427e",
                            "dummy_file.prepared_preped.bwt:md5,d41d8cd98f00b204e9800998ecf8427e",
                            "dummy_file.prepared_preped.pac:md5,d41d8cd98f00b204e9800998ecf8427e",
                            "dummy_file.prepared_preped.sa:md5,d41d8cd98f00b204e9800998ecf8427e"
                        ]
                    ]
                ],
                "fai_index": [
                    [
                        {
                            "id": "dummy_file"
                        },
                        "dummy_file.prepared_preped.fasta.fai:md5,d41d8cd98f00b204e9800998ecf8427e"
                    ]
                ],
                "preped_ref": [
                    [
                        {
                            "id": "dummy_file"
                        },
                        "dummy_file.prepared_preped.fasta:md5,d41d8cd98f00b204e9800998ecf8427e"
                    ]
                ],
                "versions": [
                    "versions.yml:md5,71a08e942ca2135c3774ed51f3a016f5",
                    "versions.yml:md5,adbc88ab264ac89cad5ade17f4c494de",
                    "versions.yml:md5,e1b0b033bf8c2bf4b5e6bbb5d626091d"
                ]
            }
        ],
        "meta": {
            "nf-test": "0.8.4",
            "nextflow": "23.04.1"
        },
        "timestamp": "2025-03-28T12:11:09.644137069"
    },
    "sarscov2 - paired_end - stub": {
        "content": [
            {
                "0": [
                    [
                        {
                            "id": "dummy_file"
                        },
                        "dummy_file.prepared_preped.fasta:md5,d41d8cd98f00b204e9800998ecf8427e"
                    ]
                ],
                "1": [
                    [
                        {
                            "id": "dummy_file"
                        },
                        "dummy_file.prepared_preped.fasta.fai:md5,d41d8cd98f00b204e9800998ecf8427e"
                    ]
                ],
                "2": [
                    [
                        {
                            "id": "dummy_file"
                        },
                        [
                            "dummy_file.prepared_preped.amb:md5,d41d8cd98f00b204e9800998ecf8427e",
                            "dummy_file.prepared_preped.ann:md5,d41d8cd98f00b204e9800998ecf8427e",
                            "dummy_file.prepared_preped.bwt:md5,d41d8cd98f00b204e9800998ecf8427e",
                            "dummy_file.prepared_preped.pac:md5,d41d8cd98f00b204e9800998ecf8427e",
                            "dummy_file.prepared_preped.sa:md5,d41d8cd98f00b204e9800998ecf8427e"
                        ]
                    ]
                ],
                "3": [
                    "versions.yml:md5,71a08e942ca2135c3774ed51f3a016f5",
                    "versions.yml:md5,adbc88ab264ac89cad5ade17f4c494de",
                    "versions.yml:md5,e1b0b033bf8c2bf4b5e6bbb5d626091d"
                ],
                "bwa_index": [
                    [
                        {
                            "id": "dummy_file"
                        },
                        [
                            "dummy_file.prepared_preped.amb:md5,d41d8cd98f00b204e9800998ecf8427e",
                            "dummy_file.prepared_preped.ann:md5,d41d8cd98f00b204e9800998ecf8427e",
                            "dummy_file.prepared_preped.bwt:md5,d41d8cd98f00b204e9800998ecf8427e",
                            "dummy_file.prepared_preped.pac:md5,d41d8cd98f00b204e9800998ecf8427e",
                            "dummy_file.prepared_preped.sa:md5,d41d8cd98f00b204e9800998ecf8427e"
                        ]
                    ]
                ],
                "fai_index": [
                    [
                        {
                            "id": "dummy_file"
                        },
                        "dummy_file.prepared_preped.fasta.fai:md5,d41d8cd98f00b204e9800998ecf8427e"
                    ]
                ],
                "preped_ref": [
                    [
                        {
                            "id": "dummy_file"
                        },
                        "dummy_file.prepared_preped.fasta:md5,d41d8cd98f00b204e9800998ecf8427e"
                    ]
                ],
                "versions": [
                    "versions.yml:md5,71a08e942ca2135c3774ed51f3a016f5",
                    "versions.yml:md5,adbc88ab264ac89cad5ade17f4c494de",
                    "versions.yml:md5,e1b0b033bf8c2bf4b5e6bbb5d626091d"
                ]
            }
        ],
        "meta": {
            "nf-test": "0.8.4",
            "nextflow": "23.04.1"
        },
        "timestamp": "2025-03-28T12:11:17.815887327"
    }
}