{
    "vcf_call_consensus_all": {
        "content": [
            {
                "0": [
                    [
                        {
                            "id": "test",
                            "single_end": false
                        },
                        "test.fa:md5,d41d8cd98f00b204e9800998ecf8427e"
                    ]
                ],
                "1": [
                    "versions.yml:md5,0686151f8904a178e94d7b45febf55fa",
                    "versions.yml:md5,c67aca182679fd8da255d49bbdb4e078",
                    "versions.yml:md5,cf768fa7291476ee3a6ae7f5f9d413a9",
                    "versions.yml:md5,d90f50b56cb7bff2ecda7ef3bba5d74a"
                ],
                "consensus_calls": [
                    [
                        {
                            "id": "test",
                            "single_end": false
                        },
                        "test.fa:md5,d41d8cd98f00b204e9800998ecf8427e"
                    ]
                ],
                "versions": [
                    "versions.yml:md5,0686151f8904a178e94d7b45febf55fa",
                    "versions.yml:md5,c67aca182679fd8da255d49bbdb4e078",
                    "versions.yml:md5,cf768fa7291476ee3a6ae7f5f9d413a9",
                    "versions.yml:md5,d90f50b56cb7bff2ecda7ef3bba5d74a"
                ]
            }
        ],
        "meta": {
            "nf-test": "0.9.2",
            "nextflow": "24.10.4"
        },
        "timestamp": "2025-03-25T11:16:09.247558507"
    }
}