{
    "software_versions": {
        "content": [
            {
                "FASTP": {
                    "fastp": "0.23.4"
                },
                "FASTQC": {
                    "fastqc": "0.12.1"
                },
                "Workflow": {
                    "rki-mf1/omnifluss": "v1.0dev"
                }
            }
        ],
        "meta": {
            "nf-test": "0.8.4",
            "nextflow": "23.04.1"
        },
        "timestamp": "2024-11-14T15:19:29.751098242"
    }
}