{
    "software_versions": {
        "content": [
            {
                "FASTP": {
                    "fastp": "0.23.4"
                },
                "FASTQC": {
                    "fastqc": "0.12.1"
                },
                "Workflow": {
                    "rki-mf1/omnifluss": "v1.0dev"
                }
            }
        ],
        "meta": {
            "nf-test": "0.8.4",
            "nextflow": "23.04.1"
        },
        "timestamp": "2024-11-14T15:19:29.751098242"
    },
    "-profile test": {
        "content": [
            7,
            {
                "FASTP": {
                    "fastp": "0.23.4"
                },
                "FASTQC": {
                    "fastqc": "0.12.1"
                },
                "Workflow": {
                    "rki-mf1/omnifluss": "v1.0dev"
                }
            },
            [
                "fastp",
                "fastp/SAMPLE1_PE.fastp.html",
                "fastp/SAMPLE1_PE.fastp.json",
                "fastp/SAMPLE1_PE.fastp.log",
                "fastp/SAMPLE1_PE_1.fastp.fastq.gz",
                "fastp/SAMPLE1_PE_2.fastp.fastq.gz",
                "fastp/SAMPLE2_PE.fastp.html",
                "fastp/SAMPLE2_PE.fastp.json",
                "fastp/SAMPLE2_PE.fastp.log",
                "fastp/SAMPLE2_PE_1.fastp.fastq.gz",
                "fastp/SAMPLE2_PE_2.fastp.fastq.gz",
                "fastp/SAMPLE3_SE.fastp.fastq.gz",
                "fastp/SAMPLE3_SE.fastp.html",
                "fastp/SAMPLE3_SE.fastp.json",
                "fastp/SAMPLE3_SE.fastp.log",
                "fastqc",
                "fastqc/SAMPLE1_PE_1_fastqc.html",
                "fastqc/SAMPLE1_PE_1_fastqc.zip",
                "fastqc/SAMPLE1_PE_2_fastqc.html",
                "fastqc/SAMPLE1_PE_2_fastqc.zip",
                "fastqc/SAMPLE2_PE_1_fastqc.html",
                "fastqc/SAMPLE2_PE_1_fastqc.zip",
                "fastqc/SAMPLE2_PE_2_fastqc.html",
                "fastqc/SAMPLE2_PE_2_fastqc.zip",
                "fastqc/SAMPLE3_SE_1_fastqc.html",
                "fastqc/SAMPLE3_SE_1_fastqc.zip",
                "fastqc/SAMPLE3_SE_2_fastqc.html",
                "fastqc/SAMPLE3_SE_2_fastqc.zip",
                "multiqc",
                "multiqc/multiqc_data",
                "multiqc/multiqc_data/fastp-insert-size-plot.txt",
                "multiqc/multiqc_data/fastp-seq-content-gc-plot_Read_1_After_filtering.txt",
                "multiqc/multiqc_data/fastp-seq-content-gc-plot_Read_1_Before_filtering.txt",
                "multiqc/multiqc_data/fastp-seq-content-gc-plot_Read_2_After_filtering.txt",
                "multiqc/multiqc_data/fastp-seq-content-gc-plot_Read_2_Before_filtering.txt",
                "multiqc/multiqc_data/fastp-seq-content-n-plot_Read_1_After_filtering.txt",
                "multiqc/multiqc_data/fastp-seq-content-n-plot_Read_1_Before_filtering.txt",
                "multiqc/multiqc_data/fastp-seq-content-n-plot_Read_2_After_filtering.txt",
                "multiqc/multiqc_data/fastp-seq-content-n-plot_Read_2_Before_filtering.txt",
                "multiqc/multiqc_data/fastp-seq-quality-plot_Read_1_After_filtering.txt",
                "multiqc/multiqc_data/fastp-seq-quality-plot_Read_1_Before_filtering.txt",
                "multiqc/multiqc_data/fastp-seq-quality-plot_Read_2_After_filtering.txt",
                "multiqc/multiqc_data/fastp-seq-quality-plot_Read_2_Before_filtering.txt",
                "multiqc/multiqc_data/fastp_filtered_reads_plot.txt",
                "multiqc/multiqc_data/fastqc-status-check-heatmap.txt",
                "multiqc/multiqc_data/fastqc_overrepresented_sequences_plot.txt",
                "multiqc/multiqc_data/fastqc_per_base_n_content_plot.txt",
                "multiqc/multiqc_data/fastqc_per_base_sequence_quality_plot.txt",
                "multiqc/multiqc_data/fastqc_per_sequence_gc_content_plot_Counts.txt",
                "multiqc/multiqc_data/fastqc_per_sequence_gc_content_plot_Percentages.txt",
                "multiqc/multiqc_data/fastqc_per_sequence_quality_scores_plot.txt",
                "multiqc/multiqc_data/fastqc_sequence_counts_plot.txt",
                "multiqc/multiqc_data/fastqc_sequence_duplication_levels_plot.txt",
                "multiqc/multiqc_data/fastqc_sequence_length_distribution_plot.txt",
                "multiqc/multiqc_data/fastqc_top_overrepresented_sequences_table.txt",
                "multiqc/multiqc_data/multiqc.log",
                "multiqc/multiqc_data/multiqc_citations.txt",
                "multiqc/multiqc_data/multiqc_data.json",
                "multiqc/multiqc_data/multiqc_fastp.txt",
                "multiqc/multiqc_data/multiqc_fastqc.txt",
                "multiqc/multiqc_data/multiqc_general_stats.txt",
                "multiqc/multiqc_data/multiqc_software_versions.txt",
                "multiqc/multiqc_data/multiqc_sources.txt",
                "multiqc/multiqc_plots",
                "multiqc/multiqc_plots/pdf",
                "multiqc/multiqc_plots/pdf/fastp-insert-size-plot.pdf",
                "multiqc/multiqc_plots/pdf/fastp-seq-content-gc-plot_Read_1_After_filtering.pdf",
                "multiqc/multiqc_plots/pdf/fastp-seq-content-gc-plot_Read_1_Before_filtering.pdf",
                "multiqc/multiqc_plots/pdf/fastp-seq-content-gc-plot_Read_2_After_filtering.pdf",
                "multiqc/multiqc_plots/pdf/fastp-seq-content-gc-plot_Read_2_Before_filtering.pdf",
                "multiqc/multiqc_plots/pdf/fastp-seq-content-n-plot_Read_1_After_filtering.pdf",
                "multiqc/multiqc_plots/pdf/fastp-seq-content-n-plot_Read_1_Before_filtering.pdf",
                "multiqc/multiqc_plots/pdf/fastp-seq-content-n-plot_Read_2_After_filtering.pdf",
                "multiqc/multiqc_plots/pdf/fastp-seq-content-n-plot_Read_2_Before_filtering.pdf",
                "multiqc/multiqc_plots/pdf/fastp-seq-quality-plot_Read_1_After_filtering.pdf",
                "multiqc/multiqc_plots/pdf/fastp-seq-quality-plot_Read_1_Before_filtering.pdf",
                "multiqc/multiqc_plots/pdf/fastp-seq-quality-plot_Read_2_After_filtering.pdf",
                "multiqc/multiqc_plots/pdf/fastp-seq-quality-plot_Read_2_Before_filtering.pdf",
                "multiqc/multiqc_plots/pdf/fastp_filtered_reads_plot-cnt.pdf",
                "multiqc/multiqc_plots/pdf/fastp_filtered_reads_plot-pct.pdf",
                "multiqc/multiqc_plots/pdf/fastqc-status-check-heatmap.pdf",
                "multiqc/multiqc_plots/pdf/fastqc_overrepresented_sequences_plot.pdf",
                "multiqc/multiqc_plots/pdf/fastqc_per_base_n_content_plot.pdf",
                "multiqc/multiqc_plots/pdf/fastqc_per_base_sequence_quality_plot.pdf",
                "multiqc/multiqc_plots/pdf/fastqc_per_sequence_gc_content_plot_Counts.pdf",
                "multiqc/multiqc_plots/pdf/fastqc_per_sequence_gc_content_plot_Percentages.pdf",
                "multiqc/multiqc_plots/pdf/fastqc_per_sequence_quality_scores_plot.pdf",
                "multiqc/multiqc_plots/pdf/fastqc_sequence_counts_plot-cnt.pdf",
                "multiqc/multiqc_plots/pdf/fastqc_sequence_counts_plot-pct.pdf",
                "multiqc/multiqc_plots/pdf/fastqc_sequence_duplication_levels_plot.pdf",
                "multiqc/multiqc_plots/pdf/fastqc_sequence_length_distribution_plot.pdf",
                "multiqc/multiqc_plots/pdf/fastqc_top_overrepresented_sequences_table.pdf",
                "multiqc/multiqc_plots/pdf/general_stats_table.pdf",
                "multiqc/multiqc_plots/png",
                "multiqc/multiqc_plots/png/fastp-insert-size-plot.png",
                "multiqc/multiqc_plots/png/fastp-seq-content-gc-plot_Read_1_After_filtering.png",
                "multiqc/multiqc_plots/png/fastp-seq-content-gc-plot_Read_1_Before_filtering.png",
                "multiqc/multiqc_plots/png/fastp-seq-content-gc-plot_Read_2_After_filtering.png",
                "multiqc/multiqc_plots/png/fastp-seq-content-gc-plot_Read_2_Before_filtering.png",
                "multiqc/multiqc_plots/png/fastp-seq-content-n-plot_Read_1_After_filtering.png",
                "multiqc/multiqc_plots/png/fastp-seq-content-n-plot_Read_1_Before_filtering.png",
                "multiqc/multiqc_plots/png/fastp-seq-content-n-plot_Read_2_After_filtering.png",
                "multiqc/multiqc_plots/png/fastp-seq-content-n-plot_Read_2_Before_filtering.png",
                "multiqc/multiqc_plots/png/fastp-seq-quality-plot_Read_1_After_filtering.png",
                "multiqc/multiqc_plots/png/fastp-seq-quality-plot_Read_1_Before_filtering.png",
                "multiqc/multiqc_plots/png/fastp-seq-quality-plot_Read_2_After_filtering.png",
                "multiqc/multiqc_plots/png/fastp-seq-quality-plot_Read_2_Before_filtering.png",
                "multiqc/multiqc_plots/png/fastp_filtered_reads_plot-cnt.png",
                "multiqc/multiqc_plots/png/fastp_filtered_reads_plot-pct.png",
                "multiqc/multiqc_plots/png/fastqc-status-check-heatmap.png",
                "multiqc/multiqc_plots/png/fastqc_overrepresented_sequences_plot.png",
                "multiqc/multiqc_plots/png/fastqc_per_base_n_content_plot.png",
                "multiqc/multiqc_plots/png/fastqc_per_base_sequence_quality_plot.png",
                "multiqc/multiqc_plots/png/fastqc_per_sequence_gc_content_plot_Counts.png",
                "multiqc/multiqc_plots/png/fastqc_per_sequence_gc_content_plot_Percentages.png",
                "multiqc/multiqc_plots/png/fastqc_per_sequence_quality_scores_plot.png",
                "multiqc/multiqc_plots/png/fastqc_sequence_counts_plot-cnt.png",
                "multiqc/multiqc_plots/png/fastqc_sequence_counts_plot-pct.png",
                "multiqc/multiqc_plots/png/fastqc_sequence_duplication_levels_plot.png",
                "multiqc/multiqc_plots/png/fastqc_sequence_length_distribution_plot.png",
                "multiqc/multiqc_plots/png/fastqc_top_overrepresented_sequences_table.png",
                "multiqc/multiqc_plots/png/general_stats_table.png",
                "multiqc/multiqc_plots/svg",
                "multiqc/multiqc_plots/svg/fastp-insert-size-plot.svg",
                "multiqc/multiqc_plots/svg/fastp-seq-content-gc-plot_Read_1_After_filtering.svg",
                "multiqc/multiqc_plots/svg/fastp-seq-content-gc-plot_Read_1_Before_filtering.svg",
                "multiqc/multiqc_plots/svg/fastp-seq-content-gc-plot_Read_2_After_filtering.svg",
                "multiqc/multiqc_plots/svg/fastp-seq-content-gc-plot_Read_2_Before_filtering.svg",
                "multiqc/multiqc_plots/svg/fastp-seq-content-n-plot_Read_1_After_filtering.svg",
                "multiqc/multiqc_plots/svg/fastp-seq-content-n-plot_Read_1_Before_filtering.svg",
                "multiqc/multiqc_plots/svg/fastp-seq-content-n-plot_Read_2_After_filtering.svg",
                "multiqc/multiqc_plots/svg/fastp-seq-content-n-plot_Read_2_Before_filtering.svg",
                "multiqc/multiqc_plots/svg/fastp-seq-quality-plot_Read_1_After_filtering.svg",
                "multiqc/multiqc_plots/svg/fastp-seq-quality-plot_Read_1_Before_filtering.svg",
                "multiqc/multiqc_plots/svg/fastp-seq-quality-plot_Read_2_After_filtering.svg",
                "multiqc/multiqc_plots/svg/fastp-seq-quality-plot_Read_2_Before_filtering.svg",
                "multiqc/multiqc_plots/svg/fastp_filtered_reads_plot-cnt.svg",
                "multiqc/multiqc_plots/svg/fastp_filtered_reads_plot-pct.svg",
                "multiqc/multiqc_plots/svg/fastqc-status-check-heatmap.svg",
                "multiqc/multiqc_plots/svg/fastqc_overrepresented_sequences_plot.svg",
                "multiqc/multiqc_plots/svg/fastqc_per_base_n_content_plot.svg",
                "multiqc/multiqc_plots/svg/fastqc_per_base_sequence_quality_plot.svg",
                "multiqc/multiqc_plots/svg/fastqc_per_sequence_gc_content_plot_Counts.svg",
                "multiqc/multiqc_plots/svg/fastqc_per_sequence_gc_content_plot_Percentages.svg",
                "multiqc/multiqc_plots/svg/fastqc_per_sequence_quality_scores_plot.svg",
                "multiqc/multiqc_plots/svg/fastqc_sequence_counts_plot-cnt.svg",
                "multiqc/multiqc_plots/svg/fastqc_sequence_counts_plot-pct.svg",
                "multiqc/multiqc_plots/svg/fastqc_sequence_duplication_levels_plot.svg",
                "multiqc/multiqc_plots/svg/fastqc_sequence_length_distribution_plot.svg",
                "multiqc/multiqc_plots/svg/fastqc_top_overrepresented_sequences_table.svg",
                "multiqc/multiqc_plots/svg/general_stats_table.svg",
                "multiqc/multiqc_report.html",
                "pipeline_info",
                "pipeline_info/omnifluss_software_mqc_versions.yml"
            ],
            [
                "SAMPLE1_PE.fastp.json:md5,c5906e853e76b3e7221a6f641c832ce7",
                "SAMPLE1_PE_1.fastp.fastq.gz:md5,3db1926e6d967b3ddfd06343f449cb87",
                "SAMPLE1_PE_2.fastp.fastq.gz:md5,338d78aaff76a8761e29d0c78a24bab2",
                "SAMPLE2_PE.fastp.json:md5,a97523ec476d53cbcb59375c071fc5cf",
                "SAMPLE2_PE_1.fastp.fastq.gz:md5,a4b3c26f992f9e56e80efa4a688ac13e",
                "SAMPLE2_PE_2.fastp.fastq.gz:md5,bbd42a12e38436738821a8be2f3fd756",
                "SAMPLE3_SE.fastp.fastq.gz:md5,5986c35faa81805b62d1622aa249a393",
                "SAMPLE3_SE.fastp.json:md5,2ec10724b42d8bcd41f72b132524ba0e",
                "fastp-insert-size-plot.txt:md5,4614dc8ee875b062ae96fb8e2f3ee9d7",
                "fastp-seq-content-gc-plot_Read_1_After_filtering.txt:md5,07eb52afa524204d47ee395a1183a25c",
                "fastp-seq-content-gc-plot_Read_1_Before_filtering.txt:md5,431fb17b1125b680275ce8d8a4a707af",
                "fastp-seq-content-gc-plot_Read_2_After_filtering.txt:md5,200e1cc0bf20f84c42f4a43e2a0acfa9",
                "fastp-seq-content-gc-plot_Read_2_Before_filtering.txt:md5,ce9cbb0a8d05e8e7928f5a964b1989ef",
                "fastp-seq-content-n-plot_Read_1_After_filtering.txt:md5,84d74ba1470a2214042562c1c63bdf5c",
                "fastp-seq-content-n-plot_Read_1_Before_filtering.txt:md5,1c19359825db6f85170b5e249d4e8aeb",
                "fastp-seq-content-n-plot_Read_2_After_filtering.txt:md5,d5eeb529e26c486cb82e0e5a2869ab3e",
                "fastp-seq-content-n-plot_Read_2_Before_filtering.txt:md5,b628552c5b50fd4b91857dcc1a143282",
                "fastp-seq-quality-plot_Read_1_After_filtering.txt:md5,4e131445175b07f910ac689edb575ddb",
                "fastp-seq-quality-plot_Read_1_Before_filtering.txt:md5,5c839d56fdd6bd3de3c073e7f8f99fbc",
                "fastp-seq-quality-plot_Read_2_After_filtering.txt:md5,d5c8d46c92c9c2b817449703b914843e",
                "fastp-seq-quality-plot_Read_2_Before_filtering.txt:md5,05e1dc07342c13ef47bd49a886f6ad6f",
                "fastp_filtered_reads_plot.txt:md5,3b247fc62472cc37471437f0c5f612fe",
                "fastqc-status-check-heatmap.txt:md5,0f1975c565a16bf09be08a05c204ded7",
                "fastqc_overrepresented_sequences_plot.txt:md5,4b23cea39c4e23deef6b97810bc1ee46",
                "fastqc_per_base_n_content_plot.txt:md5,037692101c0130c72493d3bbfa3afac1",
                "fastqc_per_base_sequence_quality_plot.txt:md5,bfe735f3e31befe13bdf6761bb297d6e",
                "fastqc_per_sequence_gc_content_plot_Counts.txt:md5,7108d19c46ef7883e864ba274c457d2e",
                "fastqc_per_sequence_gc_content_plot_Percentages.txt:md5,23f527c80a148e4f34e5a43f6e520a90",
                "fastqc_per_sequence_quality_scores_plot.txt:md5,a0cc0e6df7bfb05257da1cfc88b13c50",
                "fastqc_sequence_counts_plot.txt:md5,c6e4e1588e6765fe8df27812a1322fbd",
                "fastqc_sequence_duplication_levels_plot.txt:md5,3cde2db4033f6c64648976d1174db925",
                "fastqc_sequence_length_distribution_plot.txt:md5,e82b9b14a7e24c0c5f27af97cebb6870",
                "multiqc_citations.txt:md5,d35df50e9903a96a2b3bce3c1fbc8ad2",
                "multiqc_fastqc.txt:md5,1a41c2158adc9947bff9232962f70110",
                "multiqc_general_stats.txt:md5,f368a85bc2ba44fede9f27a867f6e3bd"
            ]
        ],
        "meta": {
            "nf-test": "0.9.2",
            "nextflow": "25.04.3"
        },
        "timestamp": "2025-06-11T11:16:22.515138877"
    },
    "-profile test,INV_illumina": {
        "content": [
            21,
            {
                "FASTP": {
                    "fastp": "0.23.4"
                },
                "FASTQC": {
                    "fastqc": "0.12.1"
                },
                "KMA": {
                    "kma": "KMA_index-1.4.15"
                },
                "Workflow": {
                    "rki-mf1/omnifluss": "v1.0dev"
                }
            },
            [
                "fastp",
                "fastp/SRR31096286_medium.fastp.html",
                "fastp/SRR31096286_medium.fastp.json",
                "fastp/SRR31096286_medium.fastp.log",
                "fastp/SRR31096286_medium_1.fastp.fastq.gz",
                "fastp/SRR31096286_medium_2.fastp.fastq.gz",
                "fastp/SRR31143054_small.fastp.html",
                "fastp/SRR31143054_small.fastp.json",
                "fastp/SRR31143054_small.fastp.log",
                "fastp/SRR31143054_small_1.fastp.fastq.gz",
                "fastp/SRR31143054_small_2.fastp.fastq.gz",
                "fastqc",
                "fastqc/SRR31096286_medium_1_fastqc.html",
                "fastqc/SRR31096286_medium_1_fastqc.zip",
                "fastqc/SRR31096286_medium_2_fastqc.html",
                "fastqc/SRR31096286_medium_2_fastqc.zip",
                "fastqc/SRR31143054_small_1_fastqc.html",
                "fastqc/SRR31143054_small_1_fastqc.zip",
                "fastqc/SRR31143054_small_2_fastqc.html",
                "fastqc/SRR31143054_small_2_fastqc.zip",
                "kma",
                "kma/SRR31096286_medium.HA.kma.aln",
                "kma/SRR31096286_medium.HA.kma.frag.gz",
                "kma/SRR31096286_medium.HA.kma.fsa",
                "kma/SRR31096286_medium.HA.kma.res",
                "kma/SRR31096286_medium.MP.kma.aln",
                "kma/SRR31096286_medium.MP.kma.frag.gz",
                "kma/SRR31096286_medium.MP.kma.fsa",
                "kma/SRR31096286_medium.MP.kma.res",
                "kma/SRR31096286_medium.NA.kma.aln",
                "kma/SRR31096286_medium.NA.kma.frag.gz",
                "kma/SRR31096286_medium.NA.kma.fsa",
                "kma/SRR31096286_medium.NA.kma.res",
                "kma/SRR31096286_medium.NP.kma.aln",
                "kma/SRR31096286_medium.NP.kma.frag.gz",
                "kma/SRR31096286_medium.NP.kma.fsa",
                "kma/SRR31096286_medium.NP.kma.res",
                "kma/SRR31096286_medium.NS.kma.aln",
                "kma/SRR31096286_medium.NS.kma.frag.gz",
                "kma/SRR31096286_medium.NS.kma.fsa",
                "kma/SRR31096286_medium.NS.kma.res",
                "kma/SRR31096286_medium.PA.kma.aln",
                "kma/SRR31096286_medium.PA.kma.frag.gz",
                "kma/SRR31096286_medium.PA.kma.fsa",
                "kma/SRR31096286_medium.PA.kma.res",
                "kma/SRR31096286_medium.PB1.kma.aln",
                "kma/SRR31096286_medium.PB1.kma.frag.gz",
                "kma/SRR31096286_medium.PB1.kma.fsa",
                "kma/SRR31096286_medium.PB1.kma.res",
                "kma/SRR31096286_medium.PB2.kma.aln",
                "kma/SRR31096286_medium.PB2.kma.frag.gz",
                "kma/SRR31096286_medium.PB2.kma.fsa",
                "kma/SRR31096286_medium.PB2.kma.res",
                "kma/SRR31143054_small.HA.kma.aln",
                "kma/SRR31143054_small.HA.kma.frag.gz",
                "kma/SRR31143054_small.HA.kma.fsa",
                "kma/SRR31143054_small.HA.kma.res",
                "kma/SRR31143054_small.MP.kma.aln",
                "kma/SRR31143054_small.MP.kma.frag.gz",
                "kma/SRR31143054_small.MP.kma.fsa",
                "kma/SRR31143054_small.MP.kma.res",
                "kma/SRR31143054_small.NA.kma.aln",
                "kma/SRR31143054_small.NA.kma.frag.gz",
                "kma/SRR31143054_small.NA.kma.fsa",
                "kma/SRR31143054_small.NA.kma.res",
                "kma/SRR31143054_small.NP.kma.aln",
                "kma/SRR31143054_small.NP.kma.frag.gz",
                "kma/SRR31143054_small.NP.kma.fsa",
                "kma/SRR31143054_small.NP.kma.res",
                "kma/SRR31143054_small.NS.kma.aln",
                "kma/SRR31143054_small.NS.kma.frag.gz",
                "kma/SRR31143054_small.NS.kma.fsa",
                "kma/SRR31143054_small.NS.kma.res",
                "kma/SRR31143054_small.PA.kma.aln",
                "kma/SRR31143054_small.PA.kma.frag.gz",
                "kma/SRR31143054_small.PA.kma.fsa",
                "kma/SRR31143054_small.PA.kma.res",
                "kma/SRR31143054_small.PB1.kma.aln",
                "kma/SRR31143054_small.PB1.kma.frag.gz",
                "kma/SRR31143054_small.PB1.kma.fsa",
                "kma/SRR31143054_small.PB1.kma.res",
                "kma/SRR31143054_small.PB2.kma.aln",
                "kma/SRR31143054_small.PB2.kma.frag.gz",
                "kma/SRR31143054_small.PB2.kma.fsa",
                "kma/SRR31143054_small.PB2.kma.res",
                "multiqc",
                "multiqc/multiqc_data",
                "multiqc/multiqc_data/fastp-insert-size-plot.txt",
                "multiqc/multiqc_data/fastp-seq-content-gc-plot_Read_1_After_filtering.txt",
                "multiqc/multiqc_data/fastp-seq-content-gc-plot_Read_1_Before_filtering.txt",
                "multiqc/multiqc_data/fastp-seq-content-gc-plot_Read_2_After_filtering.txt",
                "multiqc/multiqc_data/fastp-seq-content-gc-plot_Read_2_Before_filtering.txt",
                "multiqc/multiqc_data/fastp-seq-content-n-plot_Read_1_After_filtering.txt",
                "multiqc/multiqc_data/fastp-seq-content-n-plot_Read_1_Before_filtering.txt",
                "multiqc/multiqc_data/fastp-seq-content-n-plot_Read_2_After_filtering.txt",
                "multiqc/multiqc_data/fastp-seq-content-n-plot_Read_2_Before_filtering.txt",
                "multiqc/multiqc_data/fastp-seq-quality-plot_Read_1_After_filtering.txt",
                "multiqc/multiqc_data/fastp-seq-quality-plot_Read_1_Before_filtering.txt",
                "multiqc/multiqc_data/fastp-seq-quality-plot_Read_2_After_filtering.txt",
                "multiqc/multiqc_data/fastp-seq-quality-plot_Read_2_Before_filtering.txt",
                "multiqc/multiqc_data/fastp_filtered_reads_plot.txt",
                "multiqc/multiqc_data/fastqc-status-check-heatmap.txt",
                "multiqc/multiqc_data/fastqc_adapter_content_plot.txt",
                "multiqc/multiqc_data/fastqc_overrepresented_sequences_plot.txt",
                "multiqc/multiqc_data/fastqc_per_base_n_content_plot.txt",
                "multiqc/multiqc_data/fastqc_per_base_sequence_quality_plot.txt",
                "multiqc/multiqc_data/fastqc_per_sequence_gc_content_plot_Counts.txt",
                "multiqc/multiqc_data/fastqc_per_sequence_gc_content_plot_Percentages.txt",
                "multiqc/multiqc_data/fastqc_per_sequence_quality_scores_plot.txt",
                "multiqc/multiqc_data/fastqc_sequence_counts_plot.txt",
                "multiqc/multiqc_data/fastqc_sequence_duplication_levels_plot.txt",
                "multiqc/multiqc_data/fastqc_top_overrepresented_sequences_table.txt",
                "multiqc/multiqc_data/multiqc.log",
                "multiqc/multiqc_data/multiqc_citations.txt",
                "multiqc/multiqc_data/multiqc_data.json",
                "multiqc/multiqc_data/multiqc_fastp.txt",
                "multiqc/multiqc_data/multiqc_fastqc.txt",
                "multiqc/multiqc_data/multiqc_general_stats.txt",
                "multiqc/multiqc_data/multiqc_software_versions.txt",
                "multiqc/multiqc_data/multiqc_sources.txt",
                "multiqc/multiqc_plots",
                "multiqc/multiqc_plots/pdf",
                "multiqc/multiqc_plots/pdf/fastp-insert-size-plot.pdf",
                "multiqc/multiqc_plots/pdf/fastp-seq-content-gc-plot_Read_1_After_filtering.pdf",
                "multiqc/multiqc_plots/pdf/fastp-seq-content-gc-plot_Read_1_Before_filtering.pdf",
                "multiqc/multiqc_plots/pdf/fastp-seq-content-gc-plot_Read_2_After_filtering.pdf",
                "multiqc/multiqc_plots/pdf/fastp-seq-content-gc-plot_Read_2_Before_filtering.pdf",
                "multiqc/multiqc_plots/pdf/fastp-seq-content-n-plot_Read_1_After_filtering.pdf",
                "multiqc/multiqc_plots/pdf/fastp-seq-content-n-plot_Read_1_Before_filtering.pdf",
                "multiqc/multiqc_plots/pdf/fastp-seq-content-n-plot_Read_2_After_filtering.pdf",
                "multiqc/multiqc_plots/pdf/fastp-seq-content-n-plot_Read_2_Before_filtering.pdf",
                "multiqc/multiqc_plots/pdf/fastp-seq-quality-plot_Read_1_After_filtering.pdf",
                "multiqc/multiqc_plots/pdf/fastp-seq-quality-plot_Read_1_Before_filtering.pdf",
                "multiqc/multiqc_plots/pdf/fastp-seq-quality-plot_Read_2_After_filtering.pdf",
                "multiqc/multiqc_plots/pdf/fastp-seq-quality-plot_Read_2_Before_filtering.pdf",
                "multiqc/multiqc_plots/pdf/fastp_filtered_reads_plot-cnt.pdf",
                "multiqc/multiqc_plots/pdf/fastp_filtered_reads_plot-pct.pdf",
                "multiqc/multiqc_plots/pdf/fastqc-status-check-heatmap.pdf",
                "multiqc/multiqc_plots/pdf/fastqc_adapter_content_plot.pdf",
                "multiqc/multiqc_plots/pdf/fastqc_overrepresented_sequences_plot.pdf",
                "multiqc/multiqc_plots/pdf/fastqc_per_base_n_content_plot.pdf",
                "multiqc/multiqc_plots/pdf/fastqc_per_base_sequence_quality_plot.pdf",
                "multiqc/multiqc_plots/pdf/fastqc_per_sequence_gc_content_plot_Counts.pdf",
                "multiqc/multiqc_plots/pdf/fastqc_per_sequence_gc_content_plot_Percentages.pdf",
                "multiqc/multiqc_plots/pdf/fastqc_per_sequence_quality_scores_plot.pdf",
                "multiqc/multiqc_plots/pdf/fastqc_sequence_counts_plot-cnt.pdf",
                "multiqc/multiqc_plots/pdf/fastqc_sequence_counts_plot-pct.pdf",
                "multiqc/multiqc_plots/pdf/fastqc_sequence_duplication_levels_plot.pdf",
                "multiqc/multiqc_plots/pdf/fastqc_top_overrepresented_sequences_table.pdf",
                "multiqc/multiqc_plots/pdf/general_stats_table.pdf",
                "multiqc/multiqc_plots/png",
                "multiqc/multiqc_plots/png/fastp-insert-size-plot.png",
                "multiqc/multiqc_plots/png/fastp-seq-content-gc-plot_Read_1_After_filtering.png",
                "multiqc/multiqc_plots/png/fastp-seq-content-gc-plot_Read_1_Before_filtering.png",
                "multiqc/multiqc_plots/png/fastp-seq-content-gc-plot_Read_2_After_filtering.png",
                "multiqc/multiqc_plots/png/fastp-seq-content-gc-plot_Read_2_Before_filtering.png",
                "multiqc/multiqc_plots/png/fastp-seq-content-n-plot_Read_1_After_filtering.png",
                "multiqc/multiqc_plots/png/fastp-seq-content-n-plot_Read_1_Before_filtering.png",
                "multiqc/multiqc_plots/png/fastp-seq-content-n-plot_Read_2_After_filtering.png",
                "multiqc/multiqc_plots/png/fastp-seq-content-n-plot_Read_2_Before_filtering.png",
                "multiqc/multiqc_plots/png/fastp-seq-quality-plot_Read_1_After_filtering.png",
                "multiqc/multiqc_plots/png/fastp-seq-quality-plot_Read_1_Before_filtering.png",
                "multiqc/multiqc_plots/png/fastp-seq-quality-plot_Read_2_After_filtering.png",
                "multiqc/multiqc_plots/png/fastp-seq-quality-plot_Read_2_Before_filtering.png",
                "multiqc/multiqc_plots/png/fastp_filtered_reads_plot-cnt.png",
                "multiqc/multiqc_plots/png/fastp_filtered_reads_plot-pct.png",
                "multiqc/multiqc_plots/png/fastqc-status-check-heatmap.png",
                "multiqc/multiqc_plots/png/fastqc_adapter_content_plot.png",
                "multiqc/multiqc_plots/png/fastqc_overrepresented_sequences_plot.png",
                "multiqc/multiqc_plots/png/fastqc_per_base_n_content_plot.png",
                "multiqc/multiqc_plots/png/fastqc_per_base_sequence_quality_plot.png",
                "multiqc/multiqc_plots/png/fastqc_per_sequence_gc_content_plot_Counts.png",
                "multiqc/multiqc_plots/png/fastqc_per_sequence_gc_content_plot_Percentages.png",
                "multiqc/multiqc_plots/png/fastqc_per_sequence_quality_scores_plot.png",
                "multiqc/multiqc_plots/png/fastqc_sequence_counts_plot-cnt.png",
                "multiqc/multiqc_plots/png/fastqc_sequence_counts_plot-pct.png",
                "multiqc/multiqc_plots/png/fastqc_sequence_duplication_levels_plot.png",
                "multiqc/multiqc_plots/png/fastqc_top_overrepresented_sequences_table.png",
                "multiqc/multiqc_plots/png/general_stats_table.png",
                "multiqc/multiqc_plots/svg",
                "multiqc/multiqc_plots/svg/fastp-insert-size-plot.svg",
                "multiqc/multiqc_plots/svg/fastp-seq-content-gc-plot_Read_1_After_filtering.svg",
                "multiqc/multiqc_plots/svg/fastp-seq-content-gc-plot_Read_1_Before_filtering.svg",
                "multiqc/multiqc_plots/svg/fastp-seq-content-gc-plot_Read_2_After_filtering.svg",
                "multiqc/multiqc_plots/svg/fastp-seq-content-gc-plot_Read_2_Before_filtering.svg",
                "multiqc/multiqc_plots/svg/fastp-seq-content-n-plot_Read_1_After_filtering.svg",
                "multiqc/multiqc_plots/svg/fastp-seq-content-n-plot_Read_1_Before_filtering.svg",
                "multiqc/multiqc_plots/svg/fastp-seq-content-n-plot_Read_2_After_filtering.svg",
                "multiqc/multiqc_plots/svg/fastp-seq-content-n-plot_Read_2_Before_filtering.svg",
                "multiqc/multiqc_plots/svg/fastp-seq-quality-plot_Read_1_After_filtering.svg",
                "multiqc/multiqc_plots/svg/fastp-seq-quality-plot_Read_1_Before_filtering.svg",
                "multiqc/multiqc_plots/svg/fastp-seq-quality-plot_Read_2_After_filtering.svg",
                "multiqc/multiqc_plots/svg/fastp-seq-quality-plot_Read_2_Before_filtering.svg",
                "multiqc/multiqc_plots/svg/fastp_filtered_reads_plot-cnt.svg",
                "multiqc/multiqc_plots/svg/fastp_filtered_reads_plot-pct.svg",
                "multiqc/multiqc_plots/svg/fastqc-status-check-heatmap.svg",
                "multiqc/multiqc_plots/svg/fastqc_adapter_content_plot.svg",
                "multiqc/multiqc_plots/svg/fastqc_overrepresented_sequences_plot.svg",
                "multiqc/multiqc_plots/svg/fastqc_per_base_n_content_plot.svg",
                "multiqc/multiqc_plots/svg/fastqc_per_base_sequence_quality_plot.svg",
                "multiqc/multiqc_plots/svg/fastqc_per_sequence_gc_content_plot_Counts.svg",
                "multiqc/multiqc_plots/svg/fastqc_per_sequence_gc_content_plot_Percentages.svg",
                "multiqc/multiqc_plots/svg/fastqc_per_sequence_quality_scores_plot.svg",
                "multiqc/multiqc_plots/svg/fastqc_sequence_counts_plot-cnt.svg",
                "multiqc/multiqc_plots/svg/fastqc_sequence_counts_plot-pct.svg",
                "multiqc/multiqc_plots/svg/fastqc_sequence_duplication_levels_plot.svg",
                "multiqc/multiqc_plots/svg/fastqc_top_overrepresented_sequences_table.svg",
                "multiqc/multiqc_plots/svg/general_stats_table.svg",
                "multiqc/multiqc_report.html",
                "pipeline_info",
                "pipeline_info/omnifluss_software_mqc_versions.yml"
            ],
            [
                "SRR31096286_medium.fastp.json:md5,8ad61b9671541b2f3e23883fa459291d",
                "SRR31096286_medium_1.fastp.fastq.gz:md5,59f4f1d9a8a6719f216d3132aadb6d17",
                "SRR31096286_medium_2.fastp.fastq.gz:md5,1b1cc53b56653816b3d6823f07db511a",
                "SRR31143054_small.fastp.json:md5,9263afcce3ad2d6953cd3f3789828ba7",
                "SRR31143054_small_1.fastp.fastq.gz:md5,7c581ec99368fe8766c3390eb934a472",
                "SRR31143054_small_2.fastp.fastq.gz:md5,e1801d2ba78662d7d2f21d115743fa32",
                "SRR31096286_medium.HA.kma.aln:md5,233fce9e3870a2420f6382638c08b4c8",
                "SRR31096286_medium.HA.kma.frag.gz:md5,0ac74915b13f1f27626a061a0ba132b7",
                "SRR31096286_medium.HA.kma.fsa:md5,167123ef6ace6e9054f2fb80fd968e0d",
                "SRR31096286_medium.HA.kma.res:md5,806a5dda6a547a11f76c8a3453faff8d",
                "SRR31096286_medium.MP.kma.aln:md5,3b946eac99dac12bc20ffffc12eb6520",
                "SRR31096286_medium.MP.kma.frag.gz:md5,acfed7480c252c52e084ef803eb93a9a",
                "SRR31096286_medium.MP.kma.fsa:md5,f66ef60524cc1a340d33141067e2cf85",
                "SRR31096286_medium.MP.kma.res:md5,915225d72a7cace2aec86d59c7c1e3b1",
                "SRR31096286_medium.NA.kma.aln:md5,4832a14e0c3b4cce1a23325a4006e440",
                "SRR31096286_medium.NA.kma.frag.gz:md5,62c2fd989aab24db1236ef1a880e81af",
                "SRR31096286_medium.NA.kma.fsa:md5,b2f6f5ba39b456fa153e7839768b1f2e",
                "SRR31096286_medium.NA.kma.res:md5,b123f1c84fbfe2840e00e927b44cb466",
                "SRR31096286_medium.NP.kma.aln:md5,afdf86084eb718ca303a9b9e9bddc224",
                "SRR31096286_medium.NP.kma.frag.gz:md5,5ac8b27d2f069d22c799fc45bed79674",
                "SRR31096286_medium.NP.kma.fsa:md5,95f39d5ecad13d11cb42ab6b44c17168",
                "SRR31096286_medium.NP.kma.res:md5,8140449808f8c72ef6977aab99999c8c",
                "SRR31096286_medium.NS.kma.aln:md5,3e2d993111b29fb016e7d19fb026b157",
                "SRR31096286_medium.NS.kma.frag.gz:md5,e07813e6b5d1d3daf8ad6e2d6d5f5bab",
                "SRR31096286_medium.NS.kma.fsa:md5,ec6ba821f8376cdd4f3811a2a2337af0",
                "SRR31096286_medium.NS.kma.res:md5,c65b55bea9ee6ebcf4014e0d929cb21d",
                "SRR31096286_medium.PA.kma.aln:md5,66541ccff4b2ebfae23e48f3ae4f7382",
                "SRR31096286_medium.PA.kma.frag.gz:md5,d639907418c5fe1f513f6db66ed54ab2",
                "SRR31096286_medium.PA.kma.fsa:md5,6521a9ef5c8003c5d5106e50d5a3e4a9",
                "SRR31096286_medium.PA.kma.res:md5,cc42a4f73aff0741c5316b08f817eb97",
                "SRR31096286_medium.PB1.kma.aln:md5,89a9657660fe4544dae2b927e01a520a",
                "SRR31096286_medium.PB1.kma.frag.gz:md5,b058e7cc2e2423182b8508999cbe0a97",
                "SRR31096286_medium.PB1.kma.fsa:md5,0250859a9599b91d7fd9c57a03b2dc74",
                "SRR31096286_medium.PB1.kma.res:md5,659e96878177d9277076792266d81bdd",
                "SRR31096286_medium.PB2.kma.aln:md5,f44df0112eedccde4c4af9b33f34ebab",
                "SRR31096286_medium.PB2.kma.frag.gz:md5,69fe728aad144de8ac9b60d54eab6f8e",
                "SRR31096286_medium.PB2.kma.fsa:md5,7aefd46ecc8cbf093cc0a095fab03511",
                "SRR31096286_medium.PB2.kma.res:md5,57b34c176c11521012d223d6c7e956b1",
                "SRR31143054_small.HA.kma.aln:md5,58d09091b5ec97c98905eeba7b9551e4",
                "SRR31143054_small.HA.kma.frag.gz:md5,df17ec3baa00f8638e0a7eca9a865e8d",
                "SRR31143054_small.HA.kma.fsa:md5,1fc60e5427556969de43f1e2fd81a8e0",
                "SRR31143054_small.HA.kma.res:md5,36c75278bc6a871b48c01ed879408167",
                "SRR31143054_small.MP.kma.aln:md5,d8a3b80263da94627a10d1027eee6aa5",
                "SRR31143054_small.MP.kma.frag.gz:md5,533d1ed0a4191f3ccf93e4407453c786",
                "SRR31143054_small.MP.kma.fsa:md5,e77c740ba20ed074ecec154983322347",
                "SRR31143054_small.MP.kma.res:md5,4536aa60fed39a987038ae6e736f598b",
                "SRR31143054_small.NA.kma.aln:md5,5723104ffd7fa80c388d345d299219b0",
                "SRR31143054_small.NA.kma.frag.gz:md5,f2495fec32af57037d17f3a3810dfad6",
                "SRR31143054_small.NA.kma.fsa:md5,23f5af7bdebd6f8b3c0ed0a6a50bde43",
                "SRR31143054_small.NA.kma.res:md5,87c9932d48a90bc130f727e917fdd4b6",
                "SRR31143054_small.NP.kma.aln:md5,d075604d87cff54890c998906a42b739",
                "SRR31143054_small.NP.kma.frag.gz:md5,994c64473cc42e53afce3d700e1826a9",
                "SRR31143054_small.NP.kma.fsa:md5,3f6c0f4598ce0582c7350e4f481659d5",
                "SRR31143054_small.NP.kma.res:md5,1deb6689d5619fd31954a02301e12ef5",
                "SRR31143054_small.NS.kma.aln:md5,84cf5fa57723472d99dd20b24810d255",
                "SRR31143054_small.NS.kma.frag.gz:md5,7b1db8de3927d449ffd9784b39b33af0",
                "SRR31143054_small.NS.kma.fsa:md5,ff1467ce519bf8e3670f198cc05cfcba",
                "SRR31143054_small.NS.kma.res:md5,700b0022c21b8dea587e896a17e2e2f5",
                "SRR31143054_small.PA.kma.aln:md5,a8d909a2e943e4b1151e2e89f7b710a2",
                "SRR31143054_small.PA.kma.frag.gz:md5,ab2c983a4b04dabdf65bfda75f08fee2",
                "SRR31143054_small.PA.kma.fsa:md5,7440e5f8270c98a239bda77b7f709198",
                "SRR31143054_small.PA.kma.res:md5,a257b9bd486db504d08800124971e57a",
                "SRR31143054_small.PB1.kma.aln:md5,672245ed34c4e9376b5337c0ae685e22",
                "SRR31143054_small.PB1.kma.frag.gz:md5,7093ff58a6585a0e92a98cb2dbf6063f",
                "SRR31143054_small.PB1.kma.fsa:md5,1b6dca054850c126ec2afd9fb0a129dc",
                "SRR31143054_small.PB1.kma.res:md5,1deb980e68fc07c5480a788b8b0801da",
                "SRR31143054_small.PB2.kma.aln:md5,2532b0bf00f72794e62eee80385561cc",
                "SRR31143054_small.PB2.kma.frag.gz:md5,c70f9057c3dbf2fdbc949de45635d04c",
                "SRR31143054_small.PB2.kma.fsa:md5,3dca9545bdf25fc1c5dcaa66618f2955",
                "SRR31143054_small.PB2.kma.res:md5,854b6517fb831213c525bff609501f3e",
                "fastp-insert-size-plot.txt:md5,e5e769dcc72cbaf2691d5ac0a0bd2682",
                "fastp-seq-content-gc-plot_Read_1_After_filtering.txt:md5,459e04d14786a9ae0dfd50b7a42aa92a",
                "fastp-seq-content-gc-plot_Read_1_Before_filtering.txt:md5,5f6fc474f7fb0213d0b7f2bf5fc5e3bd",
                "fastp-seq-content-gc-plot_Read_2_After_filtering.txt:md5,b54819e0543033b99188e171f191f48e",
                "fastp-seq-content-gc-plot_Read_2_Before_filtering.txt:md5,26325d369f99f7a4aa25e5cc3396365a",
                "fastp-seq-content-n-plot_Read_1_After_filtering.txt:md5,c327db521ffacfc5f22cb4f393b25199",
                "fastp-seq-content-n-plot_Read_1_Before_filtering.txt:md5,5c4385b086bbbdedeeb95d21f0544396",
                "fastp-seq-content-n-plot_Read_2_After_filtering.txt:md5,0264b8f1c669a11648c70f6d26ceafb6",
                "fastp-seq-content-n-plot_Read_2_Before_filtering.txt:md5,19f520d428c319a9cbe7a08d941269df",
                "fastp-seq-quality-plot_Read_1_After_filtering.txt:md5,736e13f90889aa22cd422a84ceb142a5",
                "fastp-seq-quality-plot_Read_1_Before_filtering.txt:md5,87b4a9185ca275c6cd478fa18f4675d0",
                "fastp-seq-quality-plot_Read_2_After_filtering.txt:md5,c68d28e9c1b0f9d8160ffd594ea167a1",
                "fastp-seq-quality-plot_Read_2_Before_filtering.txt:md5,27148175abd025514243ce34d67ed7f1",
                "fastp_filtered_reads_plot.txt:md5,903b70ec95af64d4a0f39a7e736b2aa1",
                "fastqc-status-check-heatmap.txt:md5,1676e75edd98c973eb1b55d0d2a5016c",
                "fastqc_adapter_content_plot.txt:md5,23a3913955db6b3c00ee99f8ecf92c61",
                "fastqc_overrepresented_sequences_plot.txt:md5,fa6aec528cc9ea7541c34bb1d2245f57",
                "fastqc_per_base_n_content_plot.txt:md5,c739db1f115db34e999feb908a846e67",
                "fastqc_per_base_sequence_quality_plot.txt:md5,7a08154c327d1036549360e4d73caccf",
                "fastqc_per_sequence_gc_content_plot_Counts.txt:md5,a4165c08f7b9a62e5c7758a38a379701",
                "fastqc_per_sequence_gc_content_plot_Percentages.txt:md5,5f145a34d370e97f9d171dbf08477a99",
                "fastqc_per_sequence_quality_scores_plot.txt:md5,f5eaedc1b8df23cd780c7f66d185caac",
                "fastqc_sequence_counts_plot.txt:md5,829985e00c22aa3bbcb07183c3443447",
                "fastqc_sequence_duplication_levels_plot.txt:md5,85f574c3376f0f598bfbb7e9b5229147",
                "multiqc_citations.txt:md5,d35df50e9903a96a2b3bce3c1fbc8ad2",
                "multiqc_fastqc.txt:md5,9ce86050bf1136d9f9ecfbc5b35c2245",
                "multiqc_general_stats.txt:md5,fbdb8bf51eeb97c77c5bf85e240c4e01"
            ]
        ],
        "meta": {
            "nf-test": "0.9.2",
            "nextflow": "25.04.3"
        },
        "timestamp": "2025-06-20T14:31:33.204850778"
    }
}