{
    "sarscov2 - single_end": {
        "content": [
            {
                "0": [
                    [
                        {
                            "id": "test",
                            "single_end": true
                        },
                        "test.kraken2.report.txt:md5,4227755fe40478b8d7dc8634b489761e"
                    ]
                ],
                "1": [
                    [
                        {
                            "id": "test",
                            "single_end": true
                        },
                        "test.extracted_kraken2_read.fastq.gz:md5,b496ce8a80a4ddfc5cfb98414559e6c5"
                    ]
                ],
                "2": [
                    [
                        "test.kraken2.report.txt:md5,4227755fe40478b8d7dc8634b489761e"
                    ]
                ],
                "3": [
                    "versions.yml:md5,069d28ae8ba2c11ddb0fa5e3ec81abde",
                    "versions.yml:md5,e233d30c1299470770ba4f701e58b0e4"
                ],
                "extracted_kraken2_reads": [
                    [
                        {
                            "id": "test",
                            "single_end": true
                        },
                        "test.extracted_kraken2_read.fastq.gz:md5,b496ce8a80a4ddfc5cfb98414559e6c5"
                    ]
                ],
                "kraken2_report": [
                    [
                        {
                            "id": "test",
                            "single_end": true
                        },
                        "test.kraken2.report.txt:md5,4227755fe40478b8d7dc8634b489761e"
                    ]
                ],
                "multiqc_files": [
                    [
                        "test.kraken2.report.txt:md5,4227755fe40478b8d7dc8634b489761e"
                    ]
                ],
                "versions": [
                    "versions.yml:md5,069d28ae8ba2c11ddb0fa5e3ec81abde",
                    "versions.yml:md5,e233d30c1299470770ba4f701e58b0e4"
                ]
            }
        ],
        "meta": {
            "nf-test": "0.9.2",
            "nextflow": "24.10.4"
        },
        "timestamp": "2025-07-24T08:39:21.110236478"
    },
    "sarscov2 - single_end - stub": {
        "content": [
            {
                "0": [
                    [
                        {
                            "id": "test",
                            "single_end": true
                        },
                        "test.kraken2.report.txt:md5,d41d8cd98f00b204e9800998ecf8427e"
                    ]
                ],
                "1": [
                    [
                        {
                            "id": "test",
                            "single_end": true
                        },
                        "test.extracted_kraken2_read.fastq.gz:md5,d41d8cd98f00b204e9800998ecf8427e"
                    ]
                ],
                "2": [
                    [
                        "test.kraken2.report.txt:md5,d41d8cd98f00b204e9800998ecf8427e"
                    ]
                ],
                "3": [
                    "versions.yml:md5,069d28ae8ba2c11ddb0fa5e3ec81abde",
                    "versions.yml:md5,e233d30c1299470770ba4f701e58b0e4"
                ],
                "extracted_kraken2_reads": [
                    [
                        {
                            "id": "test",
                            "single_end": true
                        },
                        "test.extracted_kraken2_read.fastq.gz:md5,d41d8cd98f00b204e9800998ecf8427e"
                    ]
                ],
                "kraken2_report": [
                    [
                        {
                            "id": "test",
                            "single_end": true
                        },
                        "test.kraken2.report.txt:md5,d41d8cd98f00b204e9800998ecf8427e"
                    ]
                ],
                "multiqc_files": [
                    [
                        "test.kraken2.report.txt:md5,d41d8cd98f00b204e9800998ecf8427e"
                    ]
                ],
                "versions": [
                    "versions.yml:md5,069d28ae8ba2c11ddb0fa5e3ec81abde",
                    "versions.yml:md5,e233d30c1299470770ba4f701e58b0e4"
                ]
            }
        ],
        "meta": {
            "nf-test": "0.9.2",
            "nextflow": "24.10.4"
        },
        "timestamp": "2025-07-24T08:40:07.132984714"
    },
    "sarscov2 - paired_end - stub": {
        "content": [
            {
                "0": [
                    [
                        {
                            "id": "test",
                            "single_end": false
                        },
                        "test.kraken2.report.txt:md5,d41d8cd98f00b204e9800998ecf8427e"
                    ]
                ],
                "1": [
                    [
                        {
                            "id": "test",
                            "single_end": false
                        },
                        [
                            "test.extracted_kraken2_read_1.fastq.gz:md5,d41d8cd98f00b204e9800998ecf8427e",
                            "test.extracted_kraken2_read_2.fastq.gz:md5,d41d8cd98f00b204e9800998ecf8427e"
                        ]
                    ]
                ],
                "2": [
                    [
                        "test.kraken2.report.txt:md5,d41d8cd98f00b204e9800998ecf8427e"
                    ]
                ],
                "3": [
                    "versions.yml:md5,069d28ae8ba2c11ddb0fa5e3ec81abde",
                    "versions.yml:md5,e233d30c1299470770ba4f701e58b0e4"
                ],
                "extracted_kraken2_reads": [
                    [
                        {
                            "id": "test",
                            "single_end": false
                        },
                        [
                            "test.extracted_kraken2_read_1.fastq.gz:md5,d41d8cd98f00b204e9800998ecf8427e",
                            "test.extracted_kraken2_read_2.fastq.gz:md5,d41d8cd98f00b204e9800998ecf8427e"
                        ]
                    ]
                ],
                "kraken2_report": [
                    [
                        {
                            "id": "test",
                            "single_end": false
                        },
                        "test.kraken2.report.txt:md5,d41d8cd98f00b204e9800998ecf8427e"
                    ]
                ],
                "multiqc_files": [
                    [
                        "test.kraken2.report.txt:md5,d41d8cd98f00b204e9800998ecf8427e"
                    ]
                ],
                "versions": [
                    "versions.yml:md5,069d28ae8ba2c11ddb0fa5e3ec81abde",
                    "versions.yml:md5,e233d30c1299470770ba4f701e58b0e4"
                ]
            }
        ],
        "meta": {
            "nf-test": "0.9.2",
            "nextflow": "24.10.4"
        },
        "timestamp": "2025-07-24T08:40:27.520098612"
    },
    "sarscov2 - paired_end": {
        "content": [
            {
                "0": [
                    [
                        {
                            "id": "test",
                            "single_end": false
                        },
                        "test.kraken2.report.txt:md5,4227755fe40478b8d7dc8634b489761e"
                    ]
                ],
                "1": [
                    [
                        {
                            "id": "test",
                            "single_end": false
                        },
                        [
                            "test.extracted_kraken2_read_1.fastq.gz:md5,b496ce8a80a4ddfc5cfb98414559e6c5",
                            "test.extracted_kraken2_read_2.fastq.gz:md5,2b1f0ac51779efad8b08313d9c4b0967"
                        ]
                    ]
                ],
                "2": [
                    [
                        "test.kraken2.report.txt:md5,4227755fe40478b8d7dc8634b489761e"
                    ]
                ],
                "3": [
                    "versions.yml:md5,069d28ae8ba2c11ddb0fa5e3ec81abde",
                    "versions.yml:md5,e233d30c1299470770ba4f701e58b0e4"
                ],
                "extracted_kraken2_reads": [
                    [
                        {
                            "id": "test",
                            "single_end": false
                        },
                        [
                            "test.extracted_kraken2_read_1.fastq.gz:md5,b496ce8a80a4ddfc5cfb98414559e6c5",
                            "test.extracted_kraken2_read_2.fastq.gz:md5,2b1f0ac51779efad8b08313d9c4b0967"
                        ]
                    ]
                ],
                "kraken2_report": [
                    [
                        {
                            "id": "test",
                            "single_end": false
                        },
                        "test.kraken2.report.txt:md5,4227755fe40478b8d7dc8634b489761e"
                    ]
                ],
                "multiqc_files": [
                    [
                        "test.kraken2.report.txt:md5,4227755fe40478b8d7dc8634b489761e"
                    ]
                ],
                "versions": [
                    "versions.yml:md5,069d28ae8ba2c11ddb0fa5e3ec81abde",
                    "versions.yml:md5,e233d30c1299470770ba4f701e58b0e4"
                ]
            }
        ],
        "meta": {
            "nf-test": "0.9.2",
            "nextflow": "24.10.4"
        },
        "timestamp": "2025-07-24T08:39:46.47935255"
    }
}