{
    "sarscov2 - single_end": {
        "content": [
            {
                "0": [
                    [
                        {
                            "id": "test",
                            "single_end": true
                        },
                        "test.kraken2.report.txt:md5,4227755fe40478b8d7dc8634b489761e"
                    ]
                ],
                "1": [
                    [
                        {
                            "id": "test",
                            "single_end": true
                        },
                        "test.extracted_kraken2_read.fastq.gz:md5,f4296dfe8313535ec8a6700073b96e27"
                    ]
                ],
                "2": [
                    [
                        "test.kraken2.report.txt:md5,4227755fe40478b8d7dc8634b489761e"
                    ]
                ],
                "3": [
                    "versions.yml:md5,16f74c5631271ee9a681a9d291f04f2a",
                    "versions.yml:md5,87b75feb64bd48191f09637f3f1ed463"
                ],
                "extracted_kraken2_reads": [
                    [
                        {
                            "id": "test",
                            "single_end": true
                        },
                        "test.extracted_kraken2_read.fastq.gz:md5,f4296dfe8313535ec8a6700073b96e27"
                    ]
                ],
                "kraken2_report": [
                    [
                        {
                            "id": "test",
                            "single_end": true
                        },
                        "test.kraken2.report.txt:md5,4227755fe40478b8d7dc8634b489761e"
                    ]
                ],
                "multiqc_files": [
                    [
                        "test.kraken2.report.txt:md5,4227755fe40478b8d7dc8634b489761e"
                    ]
                ],
                "versions": [
                    "versions.yml:md5,16f74c5631271ee9a681a9d291f04f2a",
                    "versions.yml:md5,87b75feb64bd48191f09637f3f1ed463"
                ]
            }
        ],
        "meta": {
            "nf-test": "0.9.2",
            "nextflow": "24.10.4"
        },
        "timestamp": "2025-08-08T13:46:55.992208269"
    },
    "sarscov2 - single_end - stub": {
        "content": [
            {
                "0": [
                    [
                        {
                            "id": "test",
                            "single_end": true
                        },
                        "test.kraken2.report.txt:md5,d41d8cd98f00b204e9800998ecf8427e"
                    ]
                ],
                "1": [
                    
                ],
                "2": [
                    "test.kraken2.report.txt:md5,d41d8cd98f00b204e9800998ecf8427e"
                ],
                "3": [
                    "versions.yml:md5,16f74c5631271ee9a681a9d291f04f2a",
                    "versions.yml:md5,87b75feb64bd48191f09637f3f1ed463"
                ],
                "extracted_kraken2_reads": [
                    
                ],
                "kraken2_report": [
                    [
                        {
                            "id": "test",
                            "single_end": true
                        },
                        "test.kraken2.report.txt:md5,d41d8cd98f00b204e9800998ecf8427e"
                    ]
                ],
                "multiqc_files": [
                    "test.kraken2.report.txt:md5,d41d8cd98f00b204e9800998ecf8427e"
                ],
                "versions": [
                    "versions.yml:md5,16f74c5631271ee9a681a9d291f04f2a",
                    "versions.yml:md5,87b75feb64bd48191f09637f3f1ed463"
                ]
            }
        ],
        "meta": {
            "nf-test": "0.9.2",
            "nextflow": "24.10.4"
        },
        "timestamp": "2025-08-08T13:47:41.945035683"
    },
    "sarscov2 - paired_end": {
        "content": [
            {
                "0": [
                    [
                        {
                            "id": "test",
                            "single_end": false
                        },
                        "test.kraken2.report.txt:md5,4227755fe40478b8d7dc8634b489761e"
                    ]
                ],
                "1": [
                    [
                        {
                            "id": "test",
                            "single_end": false
                        },
                        [
                            "test.extracted_kraken2_read_1.fastq.gz:md5,f4296dfe8313535ec8a6700073b96e27",
                            "test.extracted_kraken2_read_2.fastq.gz:md5,2126281657f12a19d697ac5940403e7e"
                        ]
                    ]
                ],
                "2": [
                    [
                        "test.kraken2.report.txt:md5,4227755fe40478b8d7dc8634b489761e"
                    ]
                ],
                "3": [
                    "versions.yml:md5,16f74c5631271ee9a681a9d291f04f2a",
                    "versions.yml:md5,87b75feb64bd48191f09637f3f1ed463"
                ],
                "extracted_kraken2_reads": [
                    [
                        {
                            "id": "test",
                            "single_end": false
                        },
                        [
                            "test.extracted_kraken2_read_1.fastq.gz:md5,f4296dfe8313535ec8a6700073b96e27",
                            "test.extracted_kraken2_read_2.fastq.gz:md5,2126281657f12a19d697ac5940403e7e"
                        ]
                    ]
                ],
                "kraken2_report": [
                    [
                        {
                            "id": "test",
                            "single_end": false
                        },
                        "test.kraken2.report.txt:md5,4227755fe40478b8d7dc8634b489761e"
                    ]
                ],
                "multiqc_files": [
                    [
                        "test.kraken2.report.txt:md5,4227755fe40478b8d7dc8634b489761e"
                    ]
                ],
                "versions": [
                    "versions.yml:md5,16f74c5631271ee9a681a9d291f04f2a",
                    "versions.yml:md5,87b75feb64bd48191f09637f3f1ed463"
                ]
            }
        ],
        "meta": {
            "nf-test": "0.9.2",
            "nextflow": "24.10.4"
        },
        "timestamp": "2025-08-08T13:47:21.312294192"
    },
    "sarscov2 - paired_end - stub": {
        "content": [
            {
                "0": [
                    [
                        {
                            "id": "test",
                            "single_end": false
                        },
                        "test.kraken2.report.txt:md5,d41d8cd98f00b204e9800998ecf8427e"
                    ]
                ],
                "1": [
                    
                ],
                "2": [
                    "test.kraken2.report.txt:md5,d41d8cd98f00b204e9800998ecf8427e"
                ],
                "3": [
                    "versions.yml:md5,16f74c5631271ee9a681a9d291f04f2a",
                    "versions.yml:md5,87b75feb64bd48191f09637f3f1ed463"
                ],
                "extracted_kraken2_reads": [
                    
                ],
                "kraken2_report": [
                    [
                        {
                            "id": "test",
                            "single_end": false
                        },
                        "test.kraken2.report.txt:md5,d41d8cd98f00b204e9800998ecf8427e"
                    ]
                ],
                "multiqc_files": [
                    "test.kraken2.report.txt:md5,d41d8cd98f00b204e9800998ecf8427e"
                ],
                "versions": [
                    "versions.yml:md5,16f74c5631271ee9a681a9d291f04f2a",
                    "versions.yml:md5,87b75feb64bd48191f09637f3f1ed463"
                ]
            }
        ],
        "meta": {
            "nf-test": "0.9.2",
            "nextflow": "24.10.4"
        },
        "timestamp": "2025-08-08T13:48:02.581921751"
    }
}