{
    "sarscov2 - single_end - stub": {
        "content": [
            {
                "0": [
                    [
                        {
                            "id": "test",
                            "single_end": true
                        },
                        "test.kraken2.report.txt:md5,d41d8cd98f00b204e9800998ecf8427e"
                    ]
                ],
                "1": [
                    [
                        {
                            "id": "test",
                            "single_end": true
                        },
                        "test.extracted_kraken2_read.fasta:md5,d41d8cd98f00b204e9800998ecf8427e"
                    ]
                ],
                "2": [
                    [
                        {
                            "id": "test",
                            "single_end": true
                        },
                        "test.kraken2.report.txt:md5,d41d8cd98f00b204e9800998ecf8427e"
                    ]
                ],
                "3": [
                    "versions.yml:md5,069d28ae8ba2c11ddb0fa5e3ec81abde",
                    "versions.yml:md5,e233d30c1299470770ba4f701e58b0e4"
                ],
                "extracted_kraken2_reads": [
                    [
                        {
                            "id": "test",
                            "single_end": true
                        },
                        "test.extracted_kraken2_read.fasta:md5,d41d8cd98f00b204e9800998ecf8427e"
                    ]
                ],
                "kraken2_report": [
                    [
                        {
                            "id": "test",
                            "single_end": true
                        },
                        "test.kraken2.report.txt:md5,d41d8cd98f00b204e9800998ecf8427e"
                    ]
                ],
                "multiqc_files": [
                    [
                        {
                            "id": "test",
                            "single_end": true
                        },
                        "test.kraken2.report.txt:md5,d41d8cd98f00b204e9800998ecf8427e"
                    ]
                ],
                "versions": [
                    "versions.yml:md5,069d28ae8ba2c11ddb0fa5e3ec81abde",
                    "versions.yml:md5,e233d30c1299470770ba4f701e58b0e4"
                ]
            }
        ],
        "meta": {
            "nf-test": "0.8.4",
            "nextflow": "23.04.1"
        },
        "timestamp": "2024-07-16T08:14:18.551780416"
    },
    "sarscov2 - paired_end - stub": {
        "content": [
            {
                "0": [
                    [
                        {
                            "id": "test",
                            "single_end": false
                        },
                        "test.kraken2.report.txt:md5,d41d8cd98f00b204e9800998ecf8427e"
                    ]
                ],
                "1": [
                    [
                        {
                            "id": "test",
                            "single_end": false
                        },
                        [
                            "test.extracted_kraken2_read_1.fasta:md5,d41d8cd98f00b204e9800998ecf8427e",
                            "test.extracted_kraken2_read_2.fasta:md5,d41d8cd98f00b204e9800998ecf8427e"
                        ]
                    ]
                ],
                "2": [
                    [
                        {
                            "id": "test",
                            "single_end": false
                        },
                        "test.kraken2.report.txt:md5,d41d8cd98f00b204e9800998ecf8427e"
                    ]
                ],
                "3": [
                    "versions.yml:md5,069d28ae8ba2c11ddb0fa5e3ec81abde",
                    "versions.yml:md5,e233d30c1299470770ba4f701e58b0e4"
                ],
                "extracted_kraken2_reads": [
                    [
                        {
                            "id": "test",
                            "single_end": false
                        },
                        [
                            "test.extracted_kraken2_read_1.fasta:md5,d41d8cd98f00b204e9800998ecf8427e",
                            "test.extracted_kraken2_read_2.fasta:md5,d41d8cd98f00b204e9800998ecf8427e"
                        ]
                    ]
                ],
                "kraken2_report": [
                    [
                        {
                            "id": "test",
                            "single_end": false
                        },
                        "test.kraken2.report.txt:md5,d41d8cd98f00b204e9800998ecf8427e"
                    ]
                ],
                "multiqc_files": [
                    [
                        {
                            "id": "test",
                            "single_end": false
                        },
                        "test.kraken2.report.txt:md5,d41d8cd98f00b204e9800998ecf8427e"
                    ]
                ],
                "versions": [
                    "versions.yml:md5,069d28ae8ba2c11ddb0fa5e3ec81abde",
                    "versions.yml:md5,e233d30c1299470770ba4f701e58b0e4"
                ]
            }
        ],
        "meta": {
            "nf-test": "0.8.4",
            "nextflow": "23.04.1"
        },
        "timestamp": "2024-07-16T08:14:31.483666791"
    }
}