{
    "sarscov2 - bam": {
        "content": [
            {
                "0": [
                    [
                        {
                            "id": "test",
                            "single_end": false
                        },
                        "test_indelqual.bam:md5,bf1278b98018cde9c5089a1fb086e46e"
                    ]
                ],
                "1": [
                    [
                        {
                            "id": "test",
                            "single_end": false
                        },
                        "test_indelqual.bam.bai:md5,7e23cde5e1ede499e32e629600a67d36"
                    ]
                ],
                "2": [
                    [
                        {
                            "id": "test",
                            "single_end": false
                        },
                        "test.vcf.gz:md5,1e0e47a021fc7f2495f61106657f2c7d"
                    ]
                ],
                "3": [
                    "versions.yml:md5,3ee8176c6b98480d5a06b8d0e5fc2f37",
                    "versions.yml:md5,a3aef5bda80ccafb31e8aad82ae46fb5",
                    "versions.yml:md5,a3aef5bda80ccafb31e8aad82ae46fb5",
                    "versions.yml:md5,ddbf5164dc5b4349c6f71618b3bf24f9"
                ],
                "bai": [
                    [
                        {
                            "id": "test",
                            "single_end": false
                        },
                        "test_indelqual.bam.bai:md5,7e23cde5e1ede499e32e629600a67d36"
                    ]
                ],
                "bam": [
                    [
                        {
                            "id": "test",
                            "single_end": false
                        },
                        "test_indelqual.bam:md5,bf1278b98018cde9c5089a1fb086e46e"
                    ]
                ],
                "vcf": [
                    [
                        {
                            "id": "test",
                            "single_end": false
                        },
                        "test.vcf.gz:md5,1e0e47a021fc7f2495f61106657f2c7d"
                    ]
                ],
                "versions": [
                    "versions.yml:md5,3ee8176c6b98480d5a06b8d0e5fc2f37",
                    "versions.yml:md5,a3aef5bda80ccafb31e8aad82ae46fb5",
                    "versions.yml:md5,a3aef5bda80ccafb31e8aad82ae46fb5",
                    "versions.yml:md5,ddbf5164dc5b4349c6f71618b3bf24f9"
                ]
            }
        ],
        "meta": {
            "nf-test": "0.8.4",
            "nextflow": "23.04.1"
        },
        "timestamp": "2024-07-11T18:26:16.749715952"
    }
}