{
    "Sample Sheet Test": {
        "content": [
            [
                "omnifluss_sample_sheet.csv:md5,9bf3952026682099e2883bd98d8dffef"
            ]
        ],
        "meta": {
            "nf-test": "0.9.2",
            "nextflow": "25.04.3"
        },
        "timestamp": "2025-10-10T15:30:39.405801845"
    }
}