{
    "sarscov2 - single_end - stub": {
        "content": [
            {
                "0": [
                    [
                        {
                            "id": "test",
                            "single_end": true
                        },
                        "test.sorted.bam:md5,d41d8cd98f00b204e9800998ecf8427e"
                    ]
                ],
                "1": [
                    "versions.yml:md5,f59ef8409a8c5616424cbcd4ce1d9d3e",
                    "versions.yml:md5,fcb9654468b0268146c6711dea5f6758"
                ],
                "ch_mapping": [
                    [
                        {
                            "id": "test",
                            "single_end": true
                        },
                        "test.sorted.bam:md5,d41d8cd98f00b204e9800998ecf8427e"
                    ]
                ],
                "versions": [
                    "versions.yml:md5,f59ef8409a8c5616424cbcd4ce1d9d3e",
                    "versions.yml:md5,fcb9654468b0268146c6711dea5f6758"
                ]
            }
        ],
        "meta": {
            "nf-test": "0.8.4",
            "nextflow": "23.04.1"
        },
        "timestamp": "2024-07-11T10:38:45.507718474"
    },
    "sarscov2 - paired_end - stub": {
        "content": [
            {
                "0": [
                    [
                        {
                            "id": "test",
                            "single_end": false
                        },
                        "test.sorted.bam:md5,d41d8cd98f00b204e9800998ecf8427e"
                    ]
                ],
                "1": [
                    "versions.yml:md5,f59ef8409a8c5616424cbcd4ce1d9d3e",
                    "versions.yml:md5,fcb9654468b0268146c6711dea5f6758"
                ],
                "ch_mapping": [
                    [
                        {
                            "id": "test",
                            "single_end": false
                        },
                        "test.sorted.bam:md5,d41d8cd98f00b204e9800998ecf8427e"
                    ]
                ],
                "versions": [
                    "versions.yml:md5,f59ef8409a8c5616424cbcd4ce1d9d3e",
                    "versions.yml:md5,fcb9654468b0268146c6711dea5f6758"
                ]
            }
        ],
        "meta": {
            "nf-test": "0.8.4",
            "nextflow": "23.04.1"
        },
        "timestamp": "2024-07-11T10:39:08.221218517"
    }
}