{
    "sarscov2 - fastq.gz - paired_end": {
        "content": [
            {
                "0": [
                    [
                        {
                            "id": "test_ref"
                        },
                        "test_ref.top5References.fa.gz:md5,483f4a5dfe60171c86ee9b7e6dff908b"
                    ]
                ],
                "1": [
                    
                ],
                "2": [
                    "versions.yml:md5,2322aa59dd1bb77c5c24ddd6165ccc76",
                    "versions.yml:md5,3aea2ae5beeed299998d4b8b9e384928",
                    "versions.yml:md5,64b5fde35f6b151ada57e3c171059f54",
                    "versions.yml:md5,d74eecfc1cfd0169300a82cc831135b6"
                ],
                "top5bam": [
                    
                ],
                "top5fasta": [
                    [
                        {
                            "id": "test_ref"
                        },
                        "test_ref.top5References.fa.gz:md5,483f4a5dfe60171c86ee9b7e6dff908b"
                    ]
                ],
                "versions": [
                    "versions.yml:md5,2322aa59dd1bb77c5c24ddd6165ccc76",
                    "versions.yml:md5,3aea2ae5beeed299998d4b8b9e384928",
                    "versions.yml:md5,64b5fde35f6b151ada57e3c171059f54",
                    "versions.yml:md5,d74eecfc1cfd0169300a82cc831135b6"
                ]
            }
        ],
        "meta": {
            "nf-test": "0.8.4",
            "nextflow": "23.04.1"
        },
        "timestamp": "2024-09-18T14:08:29.722175463"
    }
}