{
    "sarscov2 - single_end - stub": {
        "content": [
            {
                "0": [
                    
                ],
                "1": [
                    
                ],
                "2": [
                    
                ],
                "3": [
                    
                ],
                "bai": [
                    
                ],
                "bam": [
                    
                ],
                "multiqc_files": [
                    
                ],
                "versions": [
                    
                ]
            }
        ],
        "meta": {
            "nf-test": "0.8.4",
            "nextflow": "23.04.1"
        },
        "timestamp": "2025-04-11T10:39:10.044617628"
    },
    "sarscov2 - paired_end - stub": {
        "content": [
            {
                "0": [
                    
                ],
                "1": [
                    
                ],
                "2": [
                    
                ],
                "3": [
                    
                ],
                "bai": [
                    
                ],
                "bam": [
                    
                ],
                "multiqc_files": [
                    
                ],
                "versions": [
                    
                ]
            }
        ],
        "meta": {
            "nf-test": "0.8.4",
            "nextflow": "23.04.1"
        },
        "timestamp": "2025-04-11T10:39:16.98150977"
    }
}