{
    "sarscov2 - vcf": {
        "content": [
            [
                [
                    {
                        "id": "test2"
                    },
                    "test2.special_case_variant_mask.bed:md5,d41d8cd98f00b204e9800998ecf8427e"
                ]
            ]
        ],
        "meta": {
            "nf-test": "0.8.4",
            "nextflow": "23.04.1"
        },
        "timestamp": "2024-08-01T13:47:48.361394427"
    },
    "influenza - vcf": {
        "content": [
            [
                [
                    {
                        "id": "test.spec_case.filtered"
                    },
                    "test.special_case_variant_mask.bed:md5,bdd89429997e007414772c250cd704de"
                ]
            ]
        ],
        "meta": {
            "nf-test": "0.8.4",
            "nextflow": "23.04.1"
        },
        "timestamp": "2024-08-01T13:47:38.759932808"
    },
    "influenza - vcf - stub": {
        "content": [
            [
                [
                    {
                        "id": "test.spec_case.filtered"
                    },
                    "test.spec_case.filtered.special_case_variant_mask.bed:md5,d41d8cd98f00b204e9800998ecf8427e"
                ]
            ]
        ],
        "meta": {
            "nf-test": "0.8.4",
            "nextflow": "23.04.1"
        },
        "timestamp": "2024-08-01T13:47:43.216832968"
    }
}